January 2025 already registered in manifest — skipping
Downloading 60 files…

--- Logging error ---
Traceback (most recent call last):
  File "C:\Python314\Lib\logging\__init__.py", line 1154, in emit
    stream.write(msg + self.terminator)
    ~~~~~~~~~~~~^^^^^^^^^^^^^^^^^^^^^^^
  File "C:\Python314\Lib\encodings\cp1252.py", line 19, in encode
    return codecs.charmap_encode(input,self.errors,encoding_table)[0]
           ~~~~~~~~~~~~~~~~~~~~~^^^^^^^^^^^^^^^^^^^^^^^^^^^^^^^^^^
UnicodeEncodeError: 'charmap' codec can't encode character '\u2192' in position 16: character maps to <undefined>
Call stack:
  File "C:\The Playbook\Trafik Analiz Uygulamasi\download_data.py", line 598, in <module>
    main()
  File "C:\The Playbook\Trafik Analiz Uygulamasi\download_data.py", line 591, in main
    cmd_download(
  File "C:\The Playbook\Trafik Analiz Uygulamasi\download_data.py", line 526, in cmd_download
    logger.info(f"[{i}/{len(candidates)}] {period}  \u2192  {local_path.name}")
Message: '[1/60] 2020-01  \u2192  traffic_density_202001.csv'
Arguments: ()
  Attempt 1 failed (('Connection aborted.', RemoteDisconnected('Remote end closed connection without response'))), retrying in 2s…
  Attempt 2 failed (('Connection aborted.', RemoteDisconnected('Remote end closed connection without response'))), retrying in 5s…
  Downloaded traffic_density_202001.csv (134.3 MB), SHA256=5252b8835f36…
--- Logging error ---
Traceback (most recent call last):
  File "C:\Python314\Lib\logging\__init__.py", line 1154, in emit
    stream.write(msg + self.terminator)
    ~~~~~~~~~~~~^^^^^^^^^^^^^^^^^^^^^^^
  File "C:\Python314\Lib\encodings\cp1252.py", line 19, in encode
    return codecs.charmap_encode(input,self.errors,encoding_table)[0]
           ~~~~~~~~~~~~~~~~~~~~~^^^^^^^^^^^^^^^^^^^^^^^^^^^^^^^^^^
UnicodeEncodeError: 'charmap' codec can't encode character '\u2192' in position 16: character maps to <undefined>
Call stack:
  File "C:\The Playbook\Trafik Analiz Uygulamasi\download_data.py", line 598, in <module>
    main()
  File "C:\The Playbook\Trafik Analiz Uygulamasi\download_data.py", line 591, in main
    cmd_download(
  File "C:\The Playbook\Trafik Analiz Uygulamasi\download_data.py", line 526, in cmd_download
    logger.info(f"[{i}/{len(candidates)}] {period}  \u2192  {local_path.name}")
Message: '[2/60] 2020-02  \u2192  traffic_density_202002.csv'
Arguments: ()
  Downloaded traffic_density_202002.csv (110.8 MB), SHA256=fe53113ab6f1…
--- Logging error ---
Traceback (most recent call last):
  File "C:\Python314\Lib\logging\__init__.py", line 1154, in emit
    stream.write(msg + self.terminator)
    ~~~~~~~~~~~~^^^^^^^^^^^^^^^^^^^^^^^
  File "C:\Python314\Lib\encodings\cp1252.py", line 19, in encode
    return codecs.charmap_encode(input,self.errors,encoding_table)[0]
           ~~~~~~~~~~~~~~~~~~~~~^^^^^^^^^^^^^^^^^^^^^^^^^^^^^^^^^^
UnicodeEncodeError: 'charmap' codec can't encode character '\u2192' in position 16: character maps to <undefined>
Call stack:
  File "C:\The Playbook\Trafik Analiz Uygulamasi\download_data.py", line 598, in <module>
    main()
  File "C:\The Playbook\Trafik Analiz Uygulamasi\download_data.py", line 591, in main
    cmd_download(
  File "C:\The Playbook\Trafik Analiz Uygulamasi\download_data.py", line 526, in cmd_download
    logger.info(f"[{i}/{len(candidates)}] {period}  \u2192  {local_path.name}")
Message: '[3/60] 2020-03  \u2192  traffic_density_202003.csv'
Arguments: ()
  Downloaded traffic_density_202003.csv (125.7 MB), SHA256=4d81003774ce…
--- Logging error ---
Traceback (most recent call last):
  File "C:\Python314\Lib\logging\__init__.py", line 1154, in emit
    stream.write(msg + self.terminator)
    ~~~~~~~~~~~~^^^^^^^^^^^^^^^^^^^^^^^
  File "C:\Python314\Lib\encodings\cp1252.py", line 19, in encode
    return codecs.charmap_encode(input,self.errors,encoding_table)[0]
           ~~~~~~~~~~~~~~~~~~~~~^^^^^^^^^^^^^^^^^^^^^^^^^^^^^^^^^^
UnicodeEncodeError: 'charmap' codec can't encode character '\u2192' in position 16: character maps to <undefined>
Call stack:
  File "C:\The Playbook\Trafik Analiz Uygulamasi\download_data.py", line 598, in <module>
    main()
  File "C:\The Playbook\Trafik Analiz Uygulamasi\download_data.py", line 591, in main
    cmd_download(
  File "C:\The Playbook\Trafik Analiz Uygulamasi\download_data.py", line 526, in cmd_download
    logger.info(f"[{i}/{len(candidates)}] {period}  \u2192  {local_path.name}")
Message: '[4/60] 2020-04  \u2192  traffic_density_202004.csv'
Arguments: ()
  Downloaded traffic_density_202004.csv (118.2 MB), SHA256=989770c16631…
--- Logging error ---
Traceback (most recent call last):
  File "C:\Python314\Lib\logging\__init__.py", line 1154, in emit
    stream.write(msg + self.terminator)
    ~~~~~~~~~~~~^^^^^^^^^^^^^^^^^^^^^^^
  File "C:\Python314\Lib\encodings\cp1252.py", line 19, in encode
    return codecs.charmap_encode(input,self.errors,encoding_table)[0]
           ~~~~~~~~~~~~~~~~~~~~~^^^^^^^^^^^^^^^^^^^^^^^^^^^^^^^^^^
UnicodeEncodeError: 'charmap' codec can't encode character '\u2192' in position 16: character maps to <undefined>
Call stack:
  File "C:\The Playbook\Trafik Analiz Uygulamasi\download_data.py", line 598, in <module>
    main()
  File "C:\The Playbook\Trafik Analiz Uygulamasi\download_data.py", line 591, in main
    cmd_download(
  File "C:\The Playbook\Trafik Analiz Uygulamasi\download_data.py", line 526, in cmd_download
    logger.info(f"[{i}/{len(candidates)}] {period}  \u2192  {local_path.name}")
Message: '[5/60] 2020-05  \u2192  traffic_density_202005.csv'
Arguments: ()
  Downloaded traffic_density_202005.csv (123.5 MB), SHA256=354dc78ae431…
--- Logging error ---
Traceback (most recent call last):
  File "C:\Python314\Lib\logging\__init__.py", line 1154, in emit
    stream.write(msg + self.terminator)
    ~~~~~~~~~~~~^^^^^^^^^^^^^^^^^^^^^^^
  File "C:\Python314\Lib\encodings\cp1252.py", line 19, in encode
    return codecs.charmap_encode(input,self.errors,encoding_table)[0]
           ~~~~~~~~~~~~~~~~~~~~~^^^^^^^^^^^^^^^^^^^^^^^^^^^^^^^^^^
UnicodeEncodeError: 'charmap' codec can't encode character '\u2192' in position 16: character maps to <undefined>
Call stack:
  File "C:\The Playbook\Trafik Analiz Uygulamasi\download_data.py", line 598, in <module>
    main()
  File "C:\The Playbook\Trafik Analiz Uygulamasi\download_data.py", line 591, in main
    cmd_download(
  File "C:\The Playbook\Trafik Analiz Uygulamasi\download_data.py", line 526, in cmd_download
    logger.info(f"[{i}/{len(candidates)}] {period}  \u2192  {local_path.name}")
Message: '[6/60] 2020-06  \u2192  traffic_density_202006.csv'
Arguments: ()
  Downloaded traffic_density_202006.csv (112.2 MB), SHA256=98a3bf85788e…
--- Logging error ---
Traceback (most recent call last):
  File "C:\Python314\Lib\logging\__init__.py", line 1154, in emit
    stream.write(msg + self.terminator)
    ~~~~~~~~~~~~^^^^^^^^^^^^^^^^^^^^^^^
  File "C:\Python314\Lib\encodings\cp1252.py", line 19, in encode
    return codecs.charmap_encode(input,self.errors,encoding_table)[0]
           ~~~~~~~~~~~~~~~~~~~~~^^^^^^^^^^^^^^^^^^^^^^^^^^^^^^^^^^
UnicodeEncodeError: 'charmap' codec can't encode character '\u2192' in position 16: character maps to <undefined>
Call stack:
  File "C:\The Playbook\Trafik Analiz Uygulamasi\download_data.py", line 598, in <module>
    main()
  File "C:\The Playbook\Trafik Analiz Uygulamasi\download_data.py", line 591, in main
    cmd_download(
  File "C:\The Playbook\Trafik Analiz Uygulamasi\download_data.py", line 526, in cmd_download
    logger.info(f"[{i}/{len(candidates)}] {period}  \u2192  {local_path.name}")
Message: '[7/60] 2020-07  \u2192  traffic_density_202007.csv'
Arguments: ()
  Downloaded traffic_density_202007.csv (127.2 MB), SHA256=3107d58a9b62…
--- Logging error ---
Traceback (most recent call last):
  File "C:\Python314\Lib\logging\__init__.py", line 1154, in emit
    stream.write(msg + self.terminator)
    ~~~~~~~~~~~~^^^^^^^^^^^^^^^^^^^^^^^
  File "C:\Python314\Lib\encodings\cp1252.py", line 19, in encode
    return codecs.charmap_encode(input,self.errors,encoding_table)[0]
           ~~~~~~~~~~~~~~~~~~~~~^^^^^^^^^^^^^^^^^^^^^^^^^^^^^^^^^^
UnicodeEncodeError: 'charmap' codec can't encode character '\u2192' in position 16: character maps to <undefined>
Call stack:
  File "C:\The Playbook\Trafik Analiz Uygulamasi\download_data.py", line 598, in <module>
    main()
  File "C:\The Playbook\Trafik Analiz Uygulamasi\download_data.py", line 591, in main
    cmd_download(
  File "C:\The Playbook\Trafik Analiz Uygulamasi\download_data.py", line 526, in cmd_download
    logger.info(f"[{i}/{len(candidates)}] {period}  \u2192  {local_path.name}")
Message: '[8/60] 2020-08  \u2192  traffic_density_202008.csv'
Arguments: ()
  Downloaded traffic_density_202008.csv (126.7 MB), SHA256=e53d18e4e102…
--- Logging error ---
Traceback (most recent call last):
  File "C:\Python314\Lib\logging\__init__.py", line 1154, in emit
    stream.write(msg + self.terminator)
    ~~~~~~~~~~~~^^^^^^^^^^^^^^^^^^^^^^^
  File "C:\Python314\Lib\encodings\cp1252.py", line 19, in encode
    return codecs.charmap_encode(input,self.errors,encoding_table)[0]
           ~~~~~~~~~~~~~~~~~~~~~^^^^^^^^^^^^^^^^^^^^^^^^^^^^^^^^^^
UnicodeEncodeError: 'charmap' codec can't encode character '\u2192' in position 16: character maps to <undefined>
Call stack:
  File "C:\The Playbook\Trafik Analiz Uygulamasi\download_data.py", line 598, in <module>
    main()
  File "C:\The Playbook\Trafik Analiz Uygulamasi\download_data.py", line 591, in main
    cmd_download(
  File "C:\The Playbook\Trafik Analiz Uygulamasi\download_data.py", line 526, in cmd_download
    logger.info(f"[{i}/{len(candidates)}] {period}  \u2192  {local_path.name}")
Message: '[9/60] 2020-09  \u2192  traffic_density_202009.csv'
Arguments: ()
  Downloaded traffic_density_202009.csv (122.9 MB), SHA256=84ca1a2a84fb…
--- Logging error ---
Traceback (most recent call last):
  File "C:\Python314\Lib\logging\__init__.py", line 1154, in emit
    stream.write(msg + self.terminator)
    ~~~~~~~~~~~~^^^^^^^^^^^^^^^^^^^^^^^
  File "C:\Python314\Lib\encodings\cp1252.py", line 19, in encode
    return codecs.charmap_encode(input,self.errors,encoding_table)[0]
           ~~~~~~~~~~~~~~~~~~~~~^^^^^^^^^^^^^^^^^^^^^^^^^^^^^^^^^^
UnicodeEncodeError: 'charmap' codec can't encode character '\u2192' in position 17: character maps to <undefined>
Call stack:
  File "C:\The Playbook\Trafik Analiz Uygulamasi\download_data.py", line 598, in <module>
    main()
  File "C:\The Playbook\Trafik Analiz Uygulamasi\download_data.py", line 591, in main
    cmd_download(
  File "C:\The Playbook\Trafik Analiz Uygulamasi\download_data.py", line 526, in cmd_download
    logger.info(f"[{i}/{len(candidates)}] {period}  \u2192  {local_path.name}")
Message: '[10/60] 2020-10  \u2192  traffic_density_202010.csv'
Arguments: ()
  Downloaded traffic_density_202010.csv (126.5 MB), SHA256=64993ab84a70…
--- Logging error ---
Traceback (most recent call last):
  File "C:\Python314\Lib\logging\__init__.py", line 1154, in emit
    stream.write(msg + self.terminator)
    ~~~~~~~~~~~~^^^^^^^^^^^^^^^^^^^^^^^
  File "C:\Python314\Lib\encodings\cp1252.py", line 19, in encode
    return codecs.charmap_encode(input,self.errors,encoding_table)[0]
           ~~~~~~~~~~~~~~~~~~~~~^^^^^^^^^^^^^^^^^^^^^^^^^^^^^^^^^^
UnicodeEncodeError: 'charmap' codec can't encode character '\u2192' in position 17: character maps to <undefined>
Call stack:
  File "C:\The Playbook\Trafik Analiz Uygulamasi\download_data.py", line 598, in <module>
    main()
  File "C:\The Playbook\Trafik Analiz Uygulamasi\download_data.py", line 591, in main
    cmd_download(
  File "C:\The Playbook\Trafik Analiz Uygulamasi\download_data.py", line 526, in cmd_download
    logger.info(f"[{i}/{len(candidates)}] {period}  \u2192  {local_path.name}")
Message: '[11/60] 2020-11  \u2192  traffic_density_202011.csv'
Arguments: ()
  Downloaded traffic_density_202011.csv (118.4 MB), SHA256=aad88fe83077…
--- Logging error ---
Traceback (most recent call last):
  File "C:\Python314\Lib\logging\__init__.py", line 1154, in emit
    stream.write(msg + self.terminator)
    ~~~~~~~~~~~~^^^^^^^^^^^^^^^^^^^^^^^
  File "C:\Python314\Lib\encodings\cp1252.py", line 19, in encode
    return codecs.charmap_encode(input,self.errors,encoding_table)[0]
           ~~~~~~~~~~~~~~~~~~~~~^^^^^^^^^^^^^^^^^^^^^^^^^^^^^^^^^^
UnicodeEncodeError: 'charmap' codec can't encode character '\u2192' in position 17: character maps to <undefined>
Call stack:
  File "C:\The Playbook\Trafik Analiz Uygulamasi\download_data.py", line 598, in <module>
    main()
  File "C:\The Playbook\Trafik Analiz Uygulamasi\download_data.py", line 591, in main
    cmd_download(
  File "C:\The Playbook\Trafik Analiz Uygulamasi\download_data.py", line 526, in cmd_download
    logger.info(f"[{i}/{len(candidates)}] {period}  \u2192  {local_path.name}")
Message: '[12/60] 2020-12  \u2192  traffic_density_202012.csv'
Arguments: ()
  Downloaded traffic_density_202012.csv (125.2 MB), SHA256=1bc69a12f7eb…
--- Logging error ---
Traceback (most recent call last):
  File "C:\Python314\Lib\logging\__init__.py", line 1154, in emit
    stream.write(msg + self.terminator)
    ~~~~~~~~~~~~^^^^^^^^^^^^^^^^^^^^^^^
  File "C:\Python314\Lib\encodings\cp1252.py", line 19, in encode
    return codecs.charmap_encode(input,self.errors,encoding_table)[0]
           ~~~~~~~~~~~~~~~~~~~~~^^^^^^^^^^^^^^^^^^^^^^^^^^^^^^^^^^
UnicodeEncodeError: 'charmap' codec can't encode character '\u2192' in position 17: character maps to <undefined>
Call stack:
  File "C:\The Playbook\Trafik Analiz Uygulamasi\download_data.py", line 598, in <module>
    main()
  File "C:\The Playbook\Trafik Analiz Uygulamasi\download_data.py", line 591, in main
    cmd_download(
  File "C:\The Playbook\Trafik Analiz Uygulamasi\download_data.py", line 526, in cmd_download
    logger.info(f"[{i}/{len(candidates)}] {period}  \u2192  {local_path.name}")
Message: '[13/60] 2021-01  \u2192  traffic_density_202101.csv'
Arguments: ()
  Attempt 1 failed (('Connection broken: IncompleteRead(12720 bytes read, 351 more expected)', IncompleteRead(12720 bytes read, 351 more expected))), retrying in 2s…
  Attempt 2 failed (('Connection aborted.', RemoteDisconnected('Remote end closed connection without response'))), retrying in 5s…
  Downloaded traffic_density_202101.csv (124.1 MB), SHA256=8c9ed73e384a…
--- Logging error ---
Traceback (most recent call last):
  File "C:\Python314\Lib\logging\__init__.py", line 1154, in emit
    stream.write(msg + self.terminator)
    ~~~~~~~~~~~~^^^^^^^^^^^^^^^^^^^^^^^
  File "C:\Python314\Lib\encodings\cp1252.py", line 19, in encode
    return codecs.charmap_encode(input,self.errors,encoding_table)[0]
           ~~~~~~~~~~~~~~~~~~~~~^^^^^^^^^^^^^^^^^^^^^^^^^^^^^^^^^^
UnicodeEncodeError: 'charmap' codec can't encode character '\u2192' in position 17: character maps to <undefined>
Call stack:
  File "C:\The Playbook\Trafik Analiz Uygulamasi\download_data.py", line 598, in <module>
    main()
  File "C:\The Playbook\Trafik Analiz Uygulamasi\download_data.py", line 591, in main
    cmd_download(
  File "C:\The Playbook\Trafik Analiz Uygulamasi\download_data.py", line 526, in cmd_download
    logger.info(f"[{i}/{len(candidates)}] {period}  \u2192  {local_path.name}")
Message: '[14/60] 2021-02  \u2192  traffic_density_202102.csv'
Arguments: ()
  Downloaded traffic_density_202102.csv (111.9 MB), SHA256=d81d91149669…
--- Logging error ---
Traceback (most recent call last):
  File "C:\Python314\Lib\logging\__init__.py", line 1154, in emit
    stream.write(msg + self.terminator)
    ~~~~~~~~~~~~^^^^^^^^^^^^^^^^^^^^^^^
  File "C:\Python314\Lib\encodings\cp1252.py", line 19, in encode
    return codecs.charmap_encode(input,self.errors,encoding_table)[0]
           ~~~~~~~~~~~~~~~~~~~~~^^^^^^^^^^^^^^^^^^^^^^^^^^^^^^^^^^
UnicodeEncodeError: 'charmap' codec can't encode character '\u2192' in position 17: character maps to <undefined>
Call stack:
  File "C:\The Playbook\Trafik Analiz Uygulamasi\download_data.py", line 598, in <module>
    main()
  File "C:\The Playbook\Trafik Analiz Uygulamasi\download_data.py", line 591, in main
    cmd_download(
  File "C:\The Playbook\Trafik Analiz Uygulamasi\download_data.py", line 526, in cmd_download
    logger.info(f"[{i}/{len(candidates)}] {period}  \u2192  {local_path.name}")
Message: '[15/60] 2021-03  \u2192  traffic_density_202103.csv'
Arguments: ()
  Downloaded traffic_density_202103.csv (125.3 MB), SHA256=2a283f6e4c91…
--- Logging error ---
Traceback (most recent call last):
  File "C:\Python314\Lib\logging\__init__.py", line 1154, in emit
    stream.write(msg + self.terminator)
    ~~~~~~~~~~~~^^^^^^^^^^^^^^^^^^^^^^^
  File "C:\Python314\Lib\encodings\cp1252.py", line 19, in encode
    return codecs.charmap_encode(input,self.errors,encoding_table)[0]
           ~~~~~~~~~~~~~~~~~~~~~^^^^^^^^^^^^^^^^^^^^^^^^^^^^^^^^^^
UnicodeEncodeError: 'charmap' codec can't encode character '\u2192' in position 17: character maps to <undefined>
Call stack:
  File "C:\The Playbook\Trafik Analiz Uygulamasi\download_data.py", line 598, in <module>
    main()
  File "C:\The Playbook\Trafik Analiz Uygulamasi\download_data.py", line 591, in main
    cmd_download(
  File "C:\The Playbook\Trafik Analiz Uygulamasi\download_data.py", line 526, in cmd_download
    logger.info(f"[{i}/{len(candidates)}] {period}  \u2192  {local_path.name}")
Message: '[16/60] 2021-04  \u2192  traffic_density_202104.csv'
Arguments: ()
  Downloaded traffic_density_202104.csv (117.3 MB), SHA256=4e89aa16f74b…
--- Logging error ---
Traceback (most recent call last):
  File "C:\Python314\Lib\logging\__init__.py", line 1154, in emit
    stream.write(msg + self.terminator)
    ~~~~~~~~~~~~^^^^^^^^^^^^^^^^^^^^^^^
  File "C:\Python314\Lib\encodings\cp1252.py", line 19, in encode
    return codecs.charmap_encode(input,self.errors,encoding_table)[0]
           ~~~~~~~~~~~~~~~~~~~~~^^^^^^^^^^^^^^^^^^^^^^^^^^^^^^^^^^
UnicodeEncodeError: 'charmap' codec can't encode character '\u2192' in position 17: character maps to <undefined>
Call stack:
  File "C:\The Playbook\Trafik Analiz Uygulamasi\download_data.py", line 598, in <module>
    main()
  File "C:\The Playbook\Trafik Analiz Uygulamasi\download_data.py", line 591, in main
    cmd_download(
  File "C:\The Playbook\Trafik Analiz Uygulamasi\download_data.py", line 526, in cmd_download
    logger.info(f"[{i}/{len(candidates)}] {period}  \u2192  {local_path.name}")
Message: '[17/60] 2021-05  \u2192  traffic_density_202105.csv'
Arguments: ()
  Downloaded traffic_density_202105.csv (124.1 MB), SHA256=f7606efb208f…
--- Logging error ---
Traceback (most recent call last):
  File "C:\Python314\Lib\logging\__init__.py", line 1154, in emit
    stream.write(msg + self.terminator)
    ~~~~~~~~~~~~^^^^^^^^^^^^^^^^^^^^^^^
  File "C:\Python314\Lib\encodings\cp1252.py", line 19, in encode
    return codecs.charmap_encode(input,self.errors,encoding_table)[0]
           ~~~~~~~~~~~~~~~~~~~~~^^^^^^^^^^^^^^^^^^^^^^^^^^^^^^^^^^
UnicodeEncodeError: 'charmap' codec can't encode character '\u2192' in position 17: character maps to <undefined>
Call stack:
  File "C:\The Playbook\Trafik Analiz Uygulamasi\download_data.py", line 598, in <module>
    main()
  File "C:\The Playbook\Trafik Analiz Uygulamasi\download_data.py", line 591, in main
    cmd_download(
  File "C:\The Playbook\Trafik Analiz Uygulamasi\download_data.py", line 526, in cmd_download
    logger.info(f"[{i}/{len(candidates)}] {period}  \u2192  {local_path.name}")
Message: '[18/60] 2021-06  \u2192  traffic_density_202106.csv'
Arguments: ()
  Downloaded traffic_density_202106.csv (100.1 MB), SHA256=9c1822c4ed90…
--- Logging error ---
Traceback (most recent call last):
  File "C:\Python314\Lib\logging\__init__.py", line 1154, in emit
    stream.write(msg + self.terminator)
    ~~~~~~~~~~~~^^^^^^^^^^^^^^^^^^^^^^^
  File "C:\Python314\Lib\encodings\cp1252.py", line 19, in encode
    return codecs.charmap_encode(input,self.errors,encoding_table)[0]
           ~~~~~~~~~~~~~~~~~~~~~^^^^^^^^^^^^^^^^^^^^^^^^^^^^^^^^^^
UnicodeEncodeError: 'charmap' codec can't encode character '\u2192' in position 17: character maps to <undefined>
Call stack:
  File "C:\The Playbook\Trafik Analiz Uygulamasi\download_data.py", line 598, in <module>
    main()
  File "C:\The Playbook\Trafik Analiz Uygulamasi\download_data.py", line 591, in main
    cmd_download(
  File "C:\The Playbook\Trafik Analiz Uygulamasi\download_data.py", line 526, in cmd_download
    logger.info(f"[{i}/{len(candidates)}] {period}  \u2192  {local_path.name}")
Message: '[19/60] 2021-07  \u2192  traffic_density_202107.csv'
Arguments: ()
  Downloaded traffic_density_202107.csv (128.4 MB), SHA256=c7dd21172611…
--- Logging error ---
Traceback (most recent call last):
  File "C:\Python314\Lib\logging\__init__.py", line 1154, in emit
    stream.write(msg + self.terminator)
    ~~~~~~~~~~~~^^^^^^^^^^^^^^^^^^^^^^^
  File "C:\Python314\Lib\encodings\cp1252.py", line 19, in encode
    return codecs.charmap_encode(input,self.errors,encoding_table)[0]
           ~~~~~~~~~~~~~~~~~~~~~^^^^^^^^^^^^^^^^^^^^^^^^^^^^^^^^^^
UnicodeEncodeError: 'charmap' codec can't encode character '\u2192' in position 17: character maps to <undefined>
Call stack:
  File "C:\The Playbook\Trafik Analiz Uygulamasi\download_data.py", line 598, in <module>
    main()
  File "C:\The Playbook\Trafik Analiz Uygulamasi\download_data.py", line 591, in main
    cmd_download(
  File "C:\The Playbook\Trafik Analiz Uygulamasi\download_data.py", line 526, in cmd_download
    logger.info(f"[{i}/{len(candidates)}] {period}  \u2192  {local_path.name}")
Message: '[20/60] 2021-08  \u2192  traffic_density_202108.csv'
Arguments: ()
  Downloaded traffic_density_202108.csv (129.7 MB), SHA256=b7f7764c1f63…
--- Logging error ---
Traceback (most recent call last):
  File "C:\Python314\Lib\logging\__init__.py", line 1154, in emit
    stream.write(msg + self.terminator)
    ~~~~~~~~~~~~^^^^^^^^^^^^^^^^^^^^^^^
  File "C:\Python314\Lib\encodings\cp1252.py", line 19, in encode
    return codecs.charmap_encode(input,self.errors,encoding_table)[0]
           ~~~~~~~~~~~~~~~~~~~~~^^^^^^^^^^^^^^^^^^^^^^^^^^^^^^^^^^
UnicodeEncodeError: 'charmap' codec can't encode character '\u2192' in position 17: character maps to <undefined>
Call stack:
  File "C:\The Playbook\Trafik Analiz Uygulamasi\download_data.py", line 598, in <module>
    main()
  File "C:\The Playbook\Trafik Analiz Uygulamasi\download_data.py", line 591, in main
    cmd_download(
  File "C:\The Playbook\Trafik Analiz Uygulamasi\download_data.py", line 526, in cmd_download
    logger.info(f"[{i}/{len(candidates)}] {period}  \u2192  {local_path.name}")
Message: '[21/60] 2021-09  \u2192  traffic_density_202109.csv'
Arguments: ()
  Downloaded traffic_density_202109.csv (124.3 MB), SHA256=7a50d2364ea2…
--- Logging error ---
Traceback (most recent call last):
  File "C:\Python314\Lib\logging\__init__.py", line 1154, in emit
    stream.write(msg + self.terminator)
    ~~~~~~~~~~~~^^^^^^^^^^^^^^^^^^^^^^^
  File "C:\Python314\Lib\encodings\cp1252.py", line 19, in encode
    return codecs.charmap_encode(input,self.errors,encoding_table)[0]
           ~~~~~~~~~~~~~~~~~~~~~^^^^^^^^^^^^^^^^^^^^^^^^^^^^^^^^^^
UnicodeEncodeError: 'charmap' codec can't encode character '\u2192' in position 17: character maps to <undefined>
Call stack:
  File "C:\The Playbook\Trafik Analiz Uygulamasi\download_data.py", line 598, in <module>
    main()
  File "C:\The Playbook\Trafik Analiz Uygulamasi\download_data.py", line 591, in main
    cmd_download(
  File "C:\The Playbook\Trafik Analiz Uygulamasi\download_data.py", line 526, in cmd_download
    logger.info(f"[{i}/{len(candidates)}] {period}  \u2192  {local_path.name}")
Message: '[22/60] 2021-10  \u2192  traffic_density_202110.csv'
Arguments: ()
  Downloaded traffic_density_202110.csv (124.6 MB), SHA256=8db563115946…
--- Logging error ---
Traceback (most recent call last):
  File "C:\Python314\Lib\logging\__init__.py", line 1154, in emit
    stream.write(msg + self.terminator)
    ~~~~~~~~~~~~^^^^^^^^^^^^^^^^^^^^^^^
  File "C:\Python314\Lib\encodings\cp1252.py", line 19, in encode
    return codecs.charmap_encode(input,self.errors,encoding_table)[0]
           ~~~~~~~~~~~~~~~~~~~~~^^^^^^^^^^^^^^^^^^^^^^^^^^^^^^^^^^
UnicodeEncodeError: 'charmap' codec can't encode character '\u2192' in position 17: character maps to <undefined>
Call stack:
  File "C:\The Playbook\Trafik Analiz Uygulamasi\download_data.py", line 598, in <module>
    main()
  File "C:\The Playbook\Trafik Analiz Uygulamasi\download_data.py", line 591, in main
    cmd_download(
  File "C:\The Playbook\Trafik Analiz Uygulamasi\download_data.py", line 526, in cmd_download
    logger.info(f"[{i}/{len(candidates)}] {period}  \u2192  {local_path.name}")
Message: '[23/60] 2021-11  \u2192  traffic_density_202111.csv'
Arguments: ()
  Downloaded traffic_density_202111.csv (125.2 MB), SHA256=cc2ce4778f3a…
--- Logging error ---
Traceback (most recent call last):
  File "C:\Python314\Lib\logging\__init__.py", line 1154, in emit
    stream.write(msg + self.terminator)
    ~~~~~~~~~~~~^^^^^^^^^^^^^^^^^^^^^^^
  File "C:\Python314\Lib\encodings\cp1252.py", line 19, in encode
    return codecs.charmap_encode(input,self.errors,encoding_table)[0]
           ~~~~~~~~~~~~~~~~~~~~~^^^^^^^^^^^^^^^^^^^^^^^^^^^^^^^^^^
UnicodeEncodeError: 'charmap' codec can't encode character '\u2192' in position 17: character maps to <undefined>
Call stack:
  File "C:\The Playbook\Trafik Analiz Uygulamasi\download_data.py", line 598, in <module>
    main()
  File "C:\The Playbook\Trafik Analiz Uygulamasi\download_data.py", line 591, in main
    cmd_download(
  File "C:\The Playbook\Trafik Analiz Uygulamasi\download_data.py", line 526, in cmd_download
    logger.info(f"[{i}/{len(candidates)}] {period}  \u2192  {local_path.name}")
Message: '[24/60] 2021-12  \u2192  traffic_density_202112.csv'
Arguments: ()
  Downloaded traffic_density_202112.csv (127.9 MB), SHA256=5a0a46446019…
--- Logging error ---
Traceback (most recent call last):
  File "C:\Python314\Lib\logging\__init__.py", line 1154, in emit
    stream.write(msg + self.terminator)
    ~~~~~~~~~~~~^^^^^^^^^^^^^^^^^^^^^^^
  File "C:\Python314\Lib\encodings\cp1252.py", line 19, in encode
    return codecs.charmap_encode(input,self.errors,encoding_table)[0]
           ~~~~~~~~~~~~~~~~~~~~~^^^^^^^^^^^^^^^^^^^^^^^^^^^^^^^^^^
UnicodeEncodeError: 'charmap' codec can't encode character '\u2192' in position 17: character maps to <undefined>
Call stack:
  File "C:\The Playbook\Trafik Analiz Uygulamasi\download_data.py", line 598, in <module>
    main()
  File "C:\The Playbook\Trafik Analiz Uygulamasi\download_data.py", line 591, in main
    cmd_download(
  File "C:\The Playbook\Trafik Analiz Uygulamasi\download_data.py", line 526, in cmd_download
    logger.info(f"[{i}/{len(candidates)}] {period}  \u2192  {local_path.name}")
Message: '[25/60] 2022-01  \u2192  traffic_density_202201.csv'
Arguments: ()
  Downloaded traffic_density_202201.csv (126.8 MB), SHA256=40378f015c54…
--- Logging error ---
Traceback (most recent call last):
  File "C:\Python314\Lib\logging\__init__.py", line 1154, in emit
    stream.write(msg + self.terminator)
    ~~~~~~~~~~~~^^^^^^^^^^^^^^^^^^^^^^^
  File "C:\Python314\Lib\encodings\cp1252.py", line 19, in encode
    return codecs.charmap_encode(input,self.errors,encoding_table)[0]
           ~~~~~~~~~~~~~~~~~~~~~^^^^^^^^^^^^^^^^^^^^^^^^^^^^^^^^^^
UnicodeEncodeError: 'charmap' codec can't encode character '\u2192' in position 17: character maps to <undefined>
Call stack:
  File "C:\The Playbook\Trafik Analiz Uygulamasi\download_data.py", line 598, in <module>
    main()
  File "C:\The Playbook\Trafik Analiz Uygulamasi\download_data.py", line 591, in main
    cmd_download(
  File "C:\The Playbook\Trafik Analiz Uygulamasi\download_data.py", line 526, in cmd_download
    logger.info(f"[{i}/{len(candidates)}] {period}  \u2192  {local_path.name}")
Message: '[26/60] 2022-02  \u2192  traffic_density_202202.csv'
Arguments: ()
  Downloaded traffic_density_202202.csv (116.0 MB), SHA256=1ae664c0ceec…
--- Logging error ---
Traceback (most recent call last):
  File "C:\Python314\Lib\logging\__init__.py", line 1154, in emit
    stream.write(msg + self.terminator)
    ~~~~~~~~~~~~^^^^^^^^^^^^^^^^^^^^^^^
  File "C:\Python314\Lib\encodings\cp1252.py", line 19, in encode
    return codecs.charmap_encode(input,self.errors,encoding_table)[0]
           ~~~~~~~~~~~~~~~~~~~~~^^^^^^^^^^^^^^^^^^^^^^^^^^^^^^^^^^
UnicodeEncodeError: 'charmap' codec can't encode character '\u2192' in position 17: character maps to <undefined>
Call stack:
  File "C:\The Playbook\Trafik Analiz Uygulamasi\download_data.py", line 598, in <module>
    main()
  File "C:\The Playbook\Trafik Analiz Uygulamasi\download_data.py", line 591, in main
    cmd_download(
  File "C:\The Playbook\Trafik Analiz Uygulamasi\download_data.py", line 526, in cmd_download
    logger.info(f"[{i}/{len(candidates)}] {period}  \u2192  {local_path.name}")
Message: '[27/60] 2022-03  \u2192  traffic_density_202203.csv'
Arguments: ()
  Downloaded traffic_density_202203.csv (129.3 MB), SHA256=3bc93c2fca8c…
--- Logging error ---
Traceback (most recent call last):
  File "C:\Python314\Lib\logging\__init__.py", line 1154, in emit
    stream.write(msg + self.terminator)
    ~~~~~~~~~~~~^^^^^^^^^^^^^^^^^^^^^^^
  File "C:\Python314\Lib\encodings\cp1252.py", line 19, in encode
    return codecs.charmap_encode(input,self.errors,encoding_table)[0]
           ~~~~~~~~~~~~~~~~~~~~~^^^^^^^^^^^^^^^^^^^^^^^^^^^^^^^^^^
UnicodeEncodeError: 'charmap' codec can't encode character '\u2192' in position 17: character maps to <undefined>
Call stack:
  File "C:\The Playbook\Trafik Analiz Uygulamasi\download_data.py", line 598, in <module>
    main()
  File "C:\The Playbook\Trafik Analiz Uygulamasi\download_data.py", line 591, in main
    cmd_download(
  File "C:\The Playbook\Trafik Analiz Uygulamasi\download_data.py", line 526, in cmd_download
    logger.info(f"[{i}/{len(candidates)}] {period}  \u2192  {local_path.name}")
Message: '[28/60] 2022-04  \u2192  traffic_density_202204.csv'
Arguments: ()
  Downloaded traffic_density_202204.csv (118.3 MB), SHA256=a3e9137c7169…
--- Logging error ---
Traceback (most recent call last):
  File "C:\Python314\Lib\logging\__init__.py", line 1154, in emit
    stream.write(msg + self.terminator)
    ~~~~~~~~~~~~^^^^^^^^^^^^^^^^^^^^^^^
  File "C:\Python314\Lib\encodings\cp1252.py", line 19, in encode
    return codecs.charmap_encode(input,self.errors,encoding_table)[0]
           ~~~~~~~~~~~~~~~~~~~~~^^^^^^^^^^^^^^^^^^^^^^^^^^^^^^^^^^
UnicodeEncodeError: 'charmap' codec can't encode character '\u2192' in position 17: character maps to <undefined>
Call stack:
  File "C:\The Playbook\Trafik Analiz Uygulamasi\download_data.py", line 598, in <module>
    main()
  File "C:\The Playbook\Trafik Analiz Uygulamasi\download_data.py", line 591, in main
    cmd_download(
  File "C:\The Playbook\Trafik Analiz Uygulamasi\download_data.py", line 526, in cmd_download
    logger.info(f"[{i}/{len(candidates)}] {period}  \u2192  {local_path.name}")
Message: '[29/60] 2022-05  \u2192  traffic_density_202205.csv'
Arguments: ()
  Downloaded traffic_density_202205.csv (124.4 MB), SHA256=8986ae131396…
--- Logging error ---
Traceback (most recent call last):
  File "C:\Python314\Lib\logging\__init__.py", line 1154, in emit
    stream.write(msg + self.terminator)
    ~~~~~~~~~~~~^^^^^^^^^^^^^^^^^^^^^^^
  File "C:\Python314\Lib\encodings\cp1252.py", line 19, in encode
    return codecs.charmap_encode(input,self.errors,encoding_table)[0]
           ~~~~~~~~~~~~~~~~~~~~~^^^^^^^^^^^^^^^^^^^^^^^^^^^^^^^^^^
UnicodeEncodeError: 'charmap' codec can't encode character '\u2192' in position 17: character maps to <undefined>
Call stack:
  File "C:\The Playbook\Trafik Analiz Uygulamasi\download_data.py", line 598, in <module>
    main()
  File "C:\The Playbook\Trafik Analiz Uygulamasi\download_data.py", line 591, in main
    cmd_download(
  File "C:\The Playbook\Trafik Analiz Uygulamasi\download_data.py", line 526, in cmd_download
    logger.info(f"[{i}/{len(candidates)}] {period}  \u2192  {local_path.name}")
Message: '[30/60] 2022-06  \u2192  traffic_density_202206.csv'
Arguments: ()
  Downloaded traffic_density_202206.csv (109.2 MB), SHA256=d12ec2dab742…
--- Logging error ---
Traceback (most recent call last):
  File "C:\Python314\Lib\logging\__init__.py", line 1154, in emit
    stream.write(msg + self.terminator)
    ~~~~~~~~~~~~^^^^^^^^^^^^^^^^^^^^^^^
  File "C:\Python314\Lib\encodings\cp1252.py", line 19, in encode
    return codecs.charmap_encode(input,self.errors,encoding_table)[0]
           ~~~~~~~~~~~~~~~~~~~~~^^^^^^^^^^^^^^^^^^^^^^^^^^^^^^^^^^
UnicodeEncodeError: 'charmap' codec can't encode character '\u2192' in position 17: character maps to <undefined>
Call stack:
  File "C:\The Playbook\Trafik Analiz Uygulamasi\download_data.py", line 598, in <module>
    main()
  File "C:\The Playbook\Trafik Analiz Uygulamasi\download_data.py", line 591, in main
    cmd_download(
  File "C:\The Playbook\Trafik Analiz Uygulamasi\download_data.py", line 526, in cmd_download
    logger.info(f"[{i}/{len(candidates)}] {period}  \u2192  {local_path.name}")
Message: '[31/60] 2022-07  \u2192  traffic_density_202207.csv'
Arguments: ()
  Attempt 1 failed (('Connection aborted.', RemoteDisconnected('Remote end closed connection without response'))), retrying in 2s…
  Downloaded traffic_density_202207.csv (129.5 MB), SHA256=dce644fbf730…
--- Logging error ---
Traceback (most recent call last):
  File "C:\Python314\Lib\logging\__init__.py", line 1154, in emit
    stream.write(msg + self.terminator)
    ~~~~~~~~~~~~^^^^^^^^^^^^^^^^^^^^^^^
  File "C:\Python314\Lib\encodings\cp1252.py", line 19, in encode
    return codecs.charmap_encode(input,self.errors,encoding_table)[0]
           ~~~~~~~~~~~~~~~~~~~~~^^^^^^^^^^^^^^^^^^^^^^^^^^^^^^^^^^
UnicodeEncodeError: 'charmap' codec can't encode character '\u2192' in position 17: character maps to <undefined>
Call stack:
  File "C:\The Playbook\Trafik Analiz Uygulamasi\download_data.py", line 598, in <module>
    main()
  File "C:\The Playbook\Trafik Analiz Uygulamasi\download_data.py", line 591, in main
    cmd_download(
  File "C:\The Playbook\Trafik Analiz Uygulamasi\download_data.py", line 526, in cmd_download
    logger.info(f"[{i}/{len(candidates)}] {period}  \u2192  {local_path.name}")
Message: '[32/60] 2022-08  \u2192  traffic_density_202208.csv'
Arguments: ()
  Downloaded traffic_density_202208.csv (130.5 MB), SHA256=4b66c16f2245…
--- Logging error ---
Traceback (most recent call last):
  File "C:\Python314\Lib\logging\__init__.py", line 1154, in emit
    stream.write(msg + self.terminator)
    ~~~~~~~~~~~~^^^^^^^^^^^^^^^^^^^^^^^
  File "C:\Python314\Lib\encodings\cp1252.py", line 19, in encode
    return codecs.charmap_encode(input,self.errors,encoding_table)[0]
           ~~~~~~~~~~~~~~~~~~~~~^^^^^^^^^^^^^^^^^^^^^^^^^^^^^^^^^^
UnicodeEncodeError: 'charmap' codec can't encode character '\u2192' in position 17: character maps to <undefined>
Call stack:
  File "C:\The Playbook\Trafik Analiz Uygulamasi\download_data.py", line 598, in <module>
    main()
  File "C:\The Playbook\Trafik Analiz Uygulamasi\download_data.py", line 591, in main
    cmd_download(
  File "C:\The Playbook\Trafik Analiz Uygulamasi\download_data.py", line 526, in cmd_download
    logger.info(f"[{i}/{len(candidates)}] {period}  \u2192  {local_path.name}")
Message: '[33/60] 2022-09  \u2192  traffic_density_202209.csv'
Arguments: ()
  Downloaded traffic_density_202209.csv (125.8 MB), SHA256=8d957e353092…
--- Logging error ---
Traceback (most recent call last):
  File "C:\Python314\Lib\logging\__init__.py", line 1154, in emit
    stream.write(msg + self.terminator)
    ~~~~~~~~~~~~^^^^^^^^^^^^^^^^^^^^^^^
  File "C:\Python314\Lib\encodings\cp1252.py", line 19, in encode
    return codecs.charmap_encode(input,self.errors,encoding_table)[0]
           ~~~~~~~~~~~~~~~~~~~~~^^^^^^^^^^^^^^^^^^^^^^^^^^^^^^^^^^
UnicodeEncodeError: 'charmap' codec can't encode character '\u2192' in position 17: character maps to <undefined>
Call stack:
  File "C:\The Playbook\Trafik Analiz Uygulamasi\download_data.py", line 598, in <module>
    main()
  File "C:\The Playbook\Trafik Analiz Uygulamasi\download_data.py", line 591, in main
    cmd_download(
  File "C:\The Playbook\Trafik Analiz Uygulamasi\download_data.py", line 526, in cmd_download
    logger.info(f"[{i}/{len(candidates)}] {period}  \u2192  {local_path.name}")
Message: '[34/60] 2022-10  \u2192  traffic_density_202210.csv'
Arguments: ()
  Downloaded traffic_density_202210.csv (125.3 MB), SHA256=03edf8532793…
--- Logging error ---
Traceback (most recent call last):
  File "C:\Python314\Lib\logging\__init__.py", line 1154, in emit
    stream.write(msg + self.terminator)
    ~~~~~~~~~~~~^^^^^^^^^^^^^^^^^^^^^^^
  File "C:\Python314\Lib\encodings\cp1252.py", line 19, in encode
    return codecs.charmap_encode(input,self.errors,encoding_table)[0]
           ~~~~~~~~~~~~~~~~~~~~~^^^^^^^^^^^^^^^^^^^^^^^^^^^^^^^^^^
UnicodeEncodeError: 'charmap' codec can't encode character '\u2192' in position 17: character maps to <undefined>
Call stack:
  File "C:\The Playbook\Trafik Analiz Uygulamasi\download_data.py", line 598, in <module>
    main()
  File "C:\The Playbook\Trafik Analiz Uygulamasi\download_data.py", line 591, in main
    cmd_download(
  File "C:\The Playbook\Trafik Analiz Uygulamasi\download_data.py", line 526, in cmd_download
    logger.info(f"[{i}/{len(candidates)}] {period}  \u2192  {local_path.name}")
Message: '[35/60] 2022-11  \u2192  traffic_density_202211.csv'
Arguments: ()
  Downloaded traffic_density_202211.csv (124.3 MB), SHA256=c9dc069a87c5…
--- Logging error ---
Traceback (most recent call last):
  File "C:\Python314\Lib\logging\__init__.py", line 1154, in emit
    stream.write(msg + self.terminator)
    ~~~~~~~~~~~~^^^^^^^^^^^^^^^^^^^^^^^
  File "C:\Python314\Lib\encodings\cp1252.py", line 19, in encode
    return codecs.charmap_encode(input,self.errors,encoding_table)[0]
           ~~~~~~~~~~~~~~~~~~~~~^^^^^^^^^^^^^^^^^^^^^^^^^^^^^^^^^^
UnicodeEncodeError: 'charmap' codec can't encode character '\u2192' in position 17: character maps to <undefined>
Call stack:
  File "C:\The Playbook\Trafik Analiz Uygulamasi\download_data.py", line 598, in <module>
    main()
  File "C:\The Playbook\Trafik Analiz Uygulamasi\download_data.py", line 591, in main
    cmd_download(
  File "C:\The Playbook\Trafik Analiz Uygulamasi\download_data.py", line 526, in cmd_download
    logger.info(f"[{i}/{len(candidates)}] {period}  \u2192  {local_path.name}")
Message: '[36/60] 2022-12  \u2192  traffic_density_202212.csv'
Arguments: ()
  Downloaded traffic_density_202212.csv (128.1 MB), SHA256=cfdc2cec5dc3…
--- Logging error ---
Traceback (most recent call last):
  File "C:\Python314\Lib\logging\__init__.py", line 1154, in emit
    stream.write(msg + self.terminator)
    ~~~~~~~~~~~~^^^^^^^^^^^^^^^^^^^^^^^
  File "C:\Python314\Lib\encodings\cp1252.py", line 19, in encode
    return codecs.charmap_encode(input,self.errors,encoding_table)[0]
           ~~~~~~~~~~~~~~~~~~~~~^^^^^^^^^^^^^^^^^^^^^^^^^^^^^^^^^^
UnicodeEncodeError: 'charmap' codec can't encode character '\u2192' in position 17: character maps to <undefined>
Call stack:
  File "C:\The Playbook\Trafik Analiz Uygulamasi\download_data.py", line 598, in <module>
    main()
  File "C:\The Playbook\Trafik Analiz Uygulamasi\download_data.py", line 591, in main
    cmd_download(
  File "C:\The Playbook\Trafik Analiz Uygulamasi\download_data.py", line 526, in cmd_download
    logger.info(f"[{i}/{len(candidates)}] {period}  \u2192  {local_path.name}")
Message: '[37/60] 2023-01  \u2192  traffic_density_202301.csv'
Arguments: ()
  Downloaded traffic_density_202301.csv (128.8 MB), SHA256=596f34b053c1…
--- Logging error ---
Traceback (most recent call last):
  File "C:\Python314\Lib\logging\__init__.py", line 1154, in emit
    stream.write(msg + self.terminator)
    ~~~~~~~~~~~~^^^^^^^^^^^^^^^^^^^^^^^
  File "C:\Python314\Lib\encodings\cp1252.py", line 19, in encode
    return codecs.charmap_encode(input,self.errors,encoding_table)[0]
           ~~~~~~~~~~~~~~~~~~~~~^^^^^^^^^^^^^^^^^^^^^^^^^^^^^^^^^^
UnicodeEncodeError: 'charmap' codec can't encode character '\u2192' in position 17: character maps to <undefined>
Call stack:
  File "C:\The Playbook\Trafik Analiz Uygulamasi\download_data.py", line 598, in <module>
    main()
  File "C:\The Playbook\Trafik Analiz Uygulamasi\download_data.py", line 591, in main
    cmd_download(
  File "C:\The Playbook\Trafik Analiz Uygulamasi\download_data.py", line 526, in cmd_download
    logger.info(f"[{i}/{len(candidates)}] {period}  \u2192  {local_path.name}")
Message: '[38/60] 2023-02  \u2192  traffic_density_202302.csv'
Arguments: ()
  Downloaded traffic_density_202302.csv (116.8 MB), SHA256=8d010a4fdaa4…
--- Logging error ---
Traceback (most recent call last):
  File "C:\Python314\Lib\logging\__init__.py", line 1154, in emit
    stream.write(msg + self.terminator)
    ~~~~~~~~~~~~^^^^^^^^^^^^^^^^^^^^^^^
  File "C:\Python314\Lib\encodings\cp1252.py", line 19, in encode
    return codecs.charmap_encode(input,self.errors,encoding_table)[0]
           ~~~~~~~~~~~~~~~~~~~~~^^^^^^^^^^^^^^^^^^^^^^^^^^^^^^^^^^
UnicodeEncodeError: 'charmap' codec can't encode character '\u2192' in position 17: character maps to <undefined>
Call stack:
  File "C:\The Playbook\Trafik Analiz Uygulamasi\download_data.py", line 598, in <module>
    main()
  File "C:\The Playbook\Trafik Analiz Uygulamasi\download_data.py", line 591, in main
    cmd_download(
  File "C:\The Playbook\Trafik Analiz Uygulamasi\download_data.py", line 526, in cmd_download
    logger.info(f"[{i}/{len(candidates)}] {period}  \u2192  {local_path.name}")
Message: '[39/60] 2023-03  \u2192  traffic_density_202303.csv'
Arguments: ()
  Attempt 1 failed (('Connection aborted.', RemoteDisconnected('Remote end closed connection without response'))), retrying in 2s…
  Downloaded traffic_density_202303.csv (124.5 MB), SHA256=ff0d0012c925…
--- Logging error ---
Traceback (most recent call last):
  File "C:\Python314\Lib\logging\__init__.py", line 1154, in emit
    stream.write(msg + self.terminator)
    ~~~~~~~~~~~~^^^^^^^^^^^^^^^^^^^^^^^
  File "C:\Python314\Lib\encodings\cp1252.py", line 19, in encode
    return codecs.charmap_encode(input,self.errors,encoding_table)[0]
           ~~~~~~~~~~~~~~~~~~~~~^^^^^^^^^^^^^^^^^^^^^^^^^^^^^^^^^^
UnicodeEncodeError: 'charmap' codec can't encode character '\u2192' in position 17: character maps to <undefined>
Call stack:
  File "C:\The Playbook\Trafik Analiz Uygulamasi\download_data.py", line 598, in <module>
    main()
  File "C:\The Playbook\Trafik Analiz Uygulamasi\download_data.py", line 591, in main
    cmd_download(
  File "C:\The Playbook\Trafik Analiz Uygulamasi\download_data.py", line 526, in cmd_download
    logger.info(f"[{i}/{len(candidates)}] {period}  \u2192  {local_path.name}")
Message: '[40/60] 2023-04  \u2192  traffic_density_202304.csv'
Arguments: ()
  Downloaded traffic_density_202304.csv (119.5 MB), SHA256=299898d1ab6f…
--- Logging error ---
Traceback (most recent call last):
  File "C:\Python314\Lib\logging\__init__.py", line 1154, in emit
    stream.write(msg + self.terminator)
    ~~~~~~~~~~~~^^^^^^^^^^^^^^^^^^^^^^^
  File "C:\Python314\Lib\encodings\cp1252.py", line 19, in encode
    return codecs.charmap_encode(input,self.errors,encoding_table)[0]
           ~~~~~~~~~~~~~~~~~~~~~^^^^^^^^^^^^^^^^^^^^^^^^^^^^^^^^^^
UnicodeEncodeError: 'charmap' codec can't encode character '\u2192' in position 17: character maps to <undefined>
Call stack:
  File "C:\The Playbook\Trafik Analiz Uygulamasi\download_data.py", line 598, in <module>
    main()
  File "C:\The Playbook\Trafik Analiz Uygulamasi\download_data.py", line 591, in main
    cmd_download(
  File "C:\The Playbook\Trafik Analiz Uygulamasi\download_data.py", line 526, in cmd_download
    logger.info(f"[{i}/{len(candidates)}] {period}  \u2192  {local_path.name}")
Message: '[41/60] 2023-05  \u2192  traffic_density_202305.csv'
Arguments: ()
  Downloaded traffic_density_202305.csv (119.0 MB), SHA256=c6cdee521bea…
--- Logging error ---
Traceback (most recent call last):
  File "C:\Python314\Lib\logging\__init__.py", line 1154, in emit
    stream.write(msg + self.terminator)
    ~~~~~~~~~~~~^^^^^^^^^^^^^^^^^^^^^^^
  File "C:\Python314\Lib\encodings\cp1252.py", line 19, in encode
    return codecs.charmap_encode(input,self.errors,encoding_table)[0]
           ~~~~~~~~~~~~~~~~~~~~~^^^^^^^^^^^^^^^^^^^^^^^^^^^^^^^^^^
UnicodeEncodeError: 'charmap' codec can't encode character '\u2192' in position 17: character maps to <undefined>
Call stack:
  File "C:\The Playbook\Trafik Analiz Uygulamasi\download_data.py", line 598, in <module>
    main()
  File "C:\The Playbook\Trafik Analiz Uygulamasi\download_data.py", line 591, in main
    cmd_download(
  File "C:\The Playbook\Trafik Analiz Uygulamasi\download_data.py", line 526, in cmd_download
    logger.info(f"[{i}/{len(candidates)}] {period}  \u2192  {local_path.name}")
Message: '[42/60] 2023-06  \u2192  traffic_density_202306.csv'
Arguments: ()
  Downloaded traffic_density_202306.csv (118.7 MB), SHA256=b0a198ed95ed…
--- Logging error ---
Traceback (most recent call last):
  File "C:\Python314\Lib\logging\__init__.py", line 1154, in emit
    stream.write(msg + self.terminator)
    ~~~~~~~~~~~~^^^^^^^^^^^^^^^^^^^^^^^
  File "C:\Python314\Lib\encodings\cp1252.py", line 19, in encode
    return codecs.charmap_encode(input,self.errors,encoding_table)[0]
           ~~~~~~~~~~~~~~~~~~~~~^^^^^^^^^^^^^^^^^^^^^^^^^^^^^^^^^^
UnicodeEncodeError: 'charmap' codec can't encode character '\u2192' in position 17: character maps to <undefined>
Call stack:
  File "C:\The Playbook\Trafik Analiz Uygulamasi\download_data.py", line 598, in <module>
    main()
  File "C:\The Playbook\Trafik Analiz Uygulamasi\download_data.py", line 591, in main
    cmd_download(
  File "C:\The Playbook\Trafik Analiz Uygulamasi\download_data.py", line 526, in cmd_download
    logger.info(f"[{i}/{len(candidates)}] {period}  \u2192  {local_path.name}")
Message: '[43/60] 2023-07  \u2192  traffic_density_202307.csv'
Arguments: ()
  Downloaded traffic_density_202307.csv (122.5 MB), SHA256=bec1d83643eb…
--- Logging error ---
Traceback (most recent call last):
  File "C:\Python314\Lib\logging\__init__.py", line 1154, in emit
    stream.write(msg + self.terminator)
    ~~~~~~~~~~~~^^^^^^^^^^^^^^^^^^^^^^^
  File "C:\Python314\Lib\encodings\cp1252.py", line 19, in encode
    return codecs.charmap_encode(input,self.errors,encoding_table)[0]
           ~~~~~~~~~~~~~~~~~~~~~^^^^^^^^^^^^^^^^^^^^^^^^^^^^^^^^^^
UnicodeEncodeError: 'charmap' codec can't encode character '\u2192' in position 17: character maps to <undefined>
Call stack:
  File "C:\The Playbook\Trafik Analiz Uygulamasi\download_data.py", line 598, in <module>
    main()
  File "C:\The Playbook\Trafik Analiz Uygulamasi\download_data.py", line 591, in main
    cmd_download(
  File "C:\The Playbook\Trafik Analiz Uygulamasi\download_data.py", line 526, in cmd_download
    logger.info(f"[{i}/{len(candidates)}] {period}  \u2192  {local_path.name}")
Message: '[44/60] 2023-08  \u2192  traffic_density_202308.csv'
Arguments: ()
  Downloaded traffic_density_202308.csv (113.1 MB), SHA256=3312303d6965…
--- Logging error ---
Traceback (most recent call last):
  File "C:\Python314\Lib\logging\__init__.py", line 1154, in emit
    stream.write(msg + self.terminator)
    ~~~~~~~~~~~~^^^^^^^^^^^^^^^^^^^^^^^
  File "C:\Python314\Lib\encodings\cp1252.py", line 19, in encode
    return codecs.charmap_encode(input,self.errors,encoding_table)[0]
           ~~~~~~~~~~~~~~~~~~~~~^^^^^^^^^^^^^^^^^^^^^^^^^^^^^^^^^^
UnicodeEncodeError: 'charmap' codec can't encode character '\u2192' in position 17: character maps to <undefined>
Call stack:
  File "C:\The Playbook\Trafik Analiz Uygulamasi\download_data.py", line 598, in <module>
    main()
  File "C:\The Playbook\Trafik Analiz Uygulamasi\download_data.py", line 591, in main
    cmd_download(
  File "C:\The Playbook\Trafik Analiz Uygulamasi\download_data.py", line 526, in cmd_download
    logger.info(f"[{i}/{len(candidates)}] {period}  \u2192  {local_path.name}")
Message: '[45/60] 2023-09  \u2192  traffic_density_202309.csv'
Arguments: ()
  Downloaded traffic_density_202309.csv (121.6 MB), SHA256=24125eaba104…
--- Logging error ---
Traceback (most recent call last):
  File "C:\Python314\Lib\logging\__init__.py", line 1154, in emit
    stream.write(msg + self.terminator)
    ~~~~~~~~~~~~^^^^^^^^^^^^^^^^^^^^^^^
  File "C:\Python314\Lib\encodings\cp1252.py", line 19, in encode
    return codecs.charmap_encode(input,self.errors,encoding_table)[0]
           ~~~~~~~~~~~~~~~~~~~~~^^^^^^^^^^^^^^^^^^^^^^^^^^^^^^^^^^
UnicodeEncodeError: 'charmap' codec can't encode character '\u2192' in position 17: character maps to <undefined>
Call stack:
  File "C:\The Playbook\Trafik Analiz Uygulamasi\download_data.py", line 598, in <module>
    main()
  File "C:\The Playbook\Trafik Analiz Uygulamasi\download_data.py", line 591, in main
    cmd_download(
  File "C:\The Playbook\Trafik Analiz Uygulamasi\download_data.py", line 526, in cmd_download
    logger.info(f"[{i}/{len(candidates)}] {period}  \u2192  {local_path.name}")
Message: '[46/60] 2023-10  \u2192  traffic_density_202310.csv'
Arguments: ()
  Downloaded traffic_density_202310.csv (115.4 MB), SHA256=5f278a542ba7…
--- Logging error ---
Traceback (most recent call last):
  File "C:\Python314\Lib\logging\__init__.py", line 1154, in emit
    stream.write(msg + self.terminator)
    ~~~~~~~~~~~~^^^^^^^^^^^^^^^^^^^^^^^
  File "C:\Python314\Lib\encodings\cp1252.py", line 19, in encode
    return codecs.charmap_encode(input,self.errors,encoding_table)[0]
           ~~~~~~~~~~~~~~~~~~~~~^^^^^^^^^^^^^^^^^^^^^^^^^^^^^^^^^^
UnicodeEncodeError: 'charmap' codec can't encode character '\u2192' in position 17: character maps to <undefined>
Call stack:
  File "C:\The Playbook\Trafik Analiz Uygulamasi\download_data.py", line 598, in <module>
    main()
  File "C:\The Playbook\Trafik Analiz Uygulamasi\download_data.py", line 591, in main
    cmd_download(
  File "C:\The Playbook\Trafik Analiz Uygulamasi\download_data.py", line 526, in cmd_download
    logger.info(f"[{i}/{len(candidates)}] {period}  \u2192  {local_path.name}")
Message: '[47/60] 2023-11  \u2192  traffic_density_202311.csv'
Arguments: ()
  Downloaded traffic_density_202311.csv (112.9 MB), SHA256=5f0d0b3d0845…
--- Logging error ---
Traceback (most recent call last):
  File "C:\Python314\Lib\logging\__init__.py", line 1154, in emit
    stream.write(msg + self.terminator)
    ~~~~~~~~~~~~^^^^^^^^^^^^^^^^^^^^^^^
  File "C:\Python314\Lib\encodings\cp1252.py", line 19, in encode
    return codecs.charmap_encode(input,self.errors,encoding_table)[0]
           ~~~~~~~~~~~~~~~~~~~~~^^^^^^^^^^^^^^^^^^^^^^^^^^^^^^^^^^
UnicodeEncodeError: 'charmap' codec can't encode character '\u2192' in position 17: character maps to <undefined>
Call stack:
  File "C:\The Playbook\Trafik Analiz Uygulamasi\download_data.py", line 598, in <module>
    main()
  File "C:\The Playbook\Trafik Analiz Uygulamasi\download_data.py", line 591, in main
    cmd_download(
  File "C:\The Playbook\Trafik Analiz Uygulamasi\download_data.py", line 526, in cmd_download
    logger.info(f"[{i}/{len(candidates)}] {period}  \u2192  {local_path.name}")
Message: '[48/60] 2023-12  \u2192  traffic_density_202312.csv'
Arguments: ()
  Attempt 1 failed (('Connection broken: IncompleteRead(12270 bytes read, 1129 more expected)', IncompleteRead(12270 bytes read, 1129 more expected))), retrying in 2s…
  Downloaded traffic_density_202312.csv (113.2 MB), SHA256=892c2a259aa9…
--- Logging error ---
Traceback (most recent call last):
  File "C:\Python314\Lib\logging\__init__.py", line 1154, in emit
    stream.write(msg + self.terminator)
    ~~~~~~~~~~~~^^^^^^^^^^^^^^^^^^^^^^^
  File "C:\Python314\Lib\encodings\cp1252.py", line 19, in encode
    return codecs.charmap_encode(input,self.errors,encoding_table)[0]
           ~~~~~~~~~~~~~~~~~~~~~^^^^^^^^^^^^^^^^^^^^^^^^^^^^^^^^^^
UnicodeEncodeError: 'charmap' codec can't encode character '\u2192' in position 17: character maps to <undefined>
Call stack:
  File "C:\The Playbook\Trafik Analiz Uygulamasi\download_data.py", line 598, in <module>
    main()
  File "C:\The Playbook\Trafik Analiz Uygulamasi\download_data.py", line 591, in main
    cmd_download(
  File "C:\The Playbook\Trafik Analiz Uygulamasi\download_data.py", line 526, in cmd_download
    logger.info(f"[{i}/{len(candidates)}] {period}  \u2192  {local_path.name}")
Message: '[49/60] 2024-01  \u2192  traffic_density_202401.csv'
Arguments: ()
  Downloaded traffic_density_202401.csv (71.0 MB), SHA256=7fa685ca1bcd…
--- Logging error ---
Traceback (most recent call last):
  File "C:\Python314\Lib\logging\__init__.py", line 1154, in emit
    stream.write(msg + self.terminator)
    ~~~~~~~~~~~~^^^^^^^^^^^^^^^^^^^^^^^
  File "C:\Python314\Lib\encodings\cp1252.py", line 19, in encode
    return codecs.charmap_encode(input,self.errors,encoding_table)[0]
           ~~~~~~~~~~~~~~~~~~~~~^^^^^^^^^^^^^^^^^^^^^^^^^^^^^^^^^^
UnicodeEncodeError: 'charmap' codec can't encode character '\u2192' in position 17: character maps to <undefined>
Call stack:
  File "C:\The Playbook\Trafik Analiz Uygulamasi\download_data.py", line 598, in <module>
    main()
  File "C:\The Playbook\Trafik Analiz Uygulamasi\download_data.py", line 591, in main
    cmd_download(
  File "C:\The Playbook\Trafik Analiz Uygulamasi\download_data.py", line 526, in cmd_download
    logger.info(f"[{i}/{len(candidates)}] {period}  \u2192  {local_path.name}")
Message: '[50/60] 2024-02  \u2192  traffic_density_202402.csv'
Arguments: ()
  Downloaded traffic_density_202402.csv (118.7 MB), SHA256=5ef054b99f4d…
--- Logging error ---
Traceback (most recent call last):
  File "C:\Python314\Lib\logging\__init__.py", line 1154, in emit
    stream.write(msg + self.terminator)
    ~~~~~~~~~~~~^^^^^^^^^^^^^^^^^^^^^^^
  File "C:\Python314\Lib\encodings\cp1252.py", line 19, in encode
    return codecs.charmap_encode(input,self.errors,encoding_table)[0]
           ~~~~~~~~~~~~~~~~~~~~~^^^^^^^^^^^^^^^^^^^^^^^^^^^^^^^^^^
UnicodeEncodeError: 'charmap' codec can't encode character '\u2192' in position 17: character maps to <undefined>
Call stack:
  File "C:\The Playbook\Trafik Analiz Uygulamasi\download_data.py", line 598, in <module>
    main()
  File "C:\The Playbook\Trafik Analiz Uygulamasi\download_data.py", line 591, in main
    cmd_download(
  File "C:\The Playbook\Trafik Analiz Uygulamasi\download_data.py", line 526, in cmd_download
    logger.info(f"[{i}/{len(candidates)}] {period}  \u2192  {local_path.name}")
Message: '[51/60] 2024-03  \u2192  traffic_density_202403.csv'
Arguments: ()
  Downloaded traffic_density_202403.csv (129.6 MB), SHA256=d003e701acd9…
--- Logging error ---
Traceback (most recent call last):
  File "C:\Python314\Lib\logging\__init__.py", line 1154, in emit
    stream.write(msg + self.terminator)
    ~~~~~~~~~~~~^^^^^^^^^^^^^^^^^^^^^^^
  File "C:\Python314\Lib\encodings\cp1252.py", line 19, in encode
    return codecs.charmap_encode(input,self.errors,encoding_table)[0]
           ~~~~~~~~~~~~~~~~~~~~~^^^^^^^^^^^^^^^^^^^^^^^^^^^^^^^^^^
UnicodeEncodeError: 'charmap' codec can't encode character '\u2192' in position 17: character maps to <undefined>
Call stack:
  File "C:\The Playbook\Trafik Analiz Uygulamasi\download_data.py", line 598, in <module>
    main()
  File "C:\The Playbook\Trafik Analiz Uygulamasi\download_data.py", line 591, in main
    cmd_download(
  File "C:\The Playbook\Trafik Analiz Uygulamasi\download_data.py", line 526, in cmd_download
    logger.info(f"[{i}/{len(candidates)}] {period}  \u2192  {local_path.name}")
Message: '[52/60] 2024-04  \u2192  traffic_density_202404.csv'
Arguments: ()
  Downloaded traffic_density_202404.csv (119.8 MB), SHA256=baa11d377796…
--- Logging error ---
Traceback (most recent call last):
  File "C:\Python314\Lib\logging\__init__.py", line 1154, in emit
    stream.write(msg + self.terminator)
    ~~~~~~~~~~~~^^^^^^^^^^^^^^^^^^^^^^^
  File "C:\Python314\Lib\encodings\cp1252.py", line 19, in encode
    return codecs.charmap_encode(input,self.errors,encoding_table)[0]
           ~~~~~~~~~~~~~~~~~~~~~^^^^^^^^^^^^^^^^^^^^^^^^^^^^^^^^^^
UnicodeEncodeError: 'charmap' codec can't encode character '\u2192' in position 17: character maps to <undefined>
Call stack:
  File "C:\The Playbook\Trafik Analiz Uygulamasi\download_data.py", line 598, in <module>
    main()
  File "C:\The Playbook\Trafik Analiz Uygulamasi\download_data.py", line 591, in main
    cmd_download(
  File "C:\The Playbook\Trafik Analiz Uygulamasi\download_data.py", line 526, in cmd_download
    logger.info(f"[{i}/{len(candidates)}] {period}  \u2192  {local_path.name}")
Message: '[53/60] 2024-05  \u2192  traffic_density_202405.csv'
Arguments: ()
  Attempt 1 failed (('Connection aborted.', RemoteDisconnected('Remote end closed connection without response'))), retrying in 2s…
  Attempt 2 failed (('Connection broken: IncompleteRead(6422 bytes read, 5986 more expected)', IncompleteRead(6422 bytes read, 5986 more expected))), retrying in 5s…
  Downloaded traffic_density_202405.csv (123.4 MB), SHA256=a7c63c9ed04b…
--- Logging error ---
Traceback (most recent call last):
  File "C:\Python314\Lib\logging\__init__.py", line 1154, in emit
    stream.write(msg + self.terminator)
    ~~~~~~~~~~~~^^^^^^^^^^^^^^^^^^^^^^^
  File "C:\Python314\Lib\encodings\cp1252.py", line 19, in encode
    return codecs.charmap_encode(input,self.errors,encoding_table)[0]
           ~~~~~~~~~~~~~~~~~~~~~^^^^^^^^^^^^^^^^^^^^^^^^^^^^^^^^^^
UnicodeEncodeError: 'charmap' codec can't encode character '\u2192' in position 17: character maps to <undefined>
Call stack:
  File "C:\The Playbook\Trafik Analiz Uygulamasi\download_data.py", line 598, in <module>
    main()
  File "C:\The Playbook\Trafik Analiz Uygulamasi\download_data.py", line 591, in main
    cmd_download(
  File "C:\The Playbook\Trafik Analiz Uygulamasi\download_data.py", line 526, in cmd_download
    logger.info(f"[{i}/{len(candidates)}] {period}  \u2192  {local_path.name}")
Message: '[54/60] 2024-06  \u2192  traffic_density_202406.csv'
Arguments: ()
  Attempt 1 failed (('Connection aborted.', RemoteDisconnected('Remote end closed connection without response'))), retrying in 2s…
  Attempt 2 failed (('Connection broken: IncompleteRead(6850 bytes read, 4753 more expected)', IncompleteRead(6850 bytes read, 4753 more expected))), retrying in 5s…
  Downloaded traffic_density_202406.csv (114.8 MB), SHA256=1812c6336b52…
--- Logging error ---
Traceback (most recent call last):
  File "C:\Python314\Lib\logging\__init__.py", line 1154, in emit
    stream.write(msg + self.terminator)
    ~~~~~~~~~~~~^^^^^^^^^^^^^^^^^^^^^^^
  File "C:\Python314\Lib\encodings\cp1252.py", line 19, in encode
    return codecs.charmap_encode(input,self.errors,encoding_table)[0]
           ~~~~~~~~~~~~~~~~~~~~~^^^^^^^^^^^^^^^^^^^^^^^^^^^^^^^^^^
UnicodeEncodeError: 'charmap' codec can't encode character '\u2192' in position 17: character maps to <undefined>
Call stack:
  File "C:\The Playbook\Trafik Analiz Uygulamasi\download_data.py", line 598, in <module>
    main()
  File "C:\The Playbook\Trafik Analiz Uygulamasi\download_data.py", line 591, in main
    cmd_download(
  File "C:\The Playbook\Trafik Analiz Uygulamasi\download_data.py", line 526, in cmd_download
    logger.info(f"[{i}/{len(candidates)}] {period}  \u2192  {local_path.name}")
Message: '[55/60] 2024-07  \u2192  traffic_density_202407.csv'
Arguments: ()
  Downloaded traffic_density_202407.csv (142.7 MB), SHA256=20b81a4a74b2…
--- Logging error ---
Traceback (most recent call last):
  File "C:\Python314\Lib\logging\__init__.py", line 1154, in emit
    stream.write(msg + self.terminator)
    ~~~~~~~~~~~~^^^^^^^^^^^^^^^^^^^^^^^
  File "C:\Python314\Lib\encodings\cp1252.py", line 19, in encode
    return codecs.charmap_encode(input,self.errors,encoding_table)[0]
           ~~~~~~~~~~~~~~~~~~~~~^^^^^^^^^^^^^^^^^^^^^^^^^^^^^^^^^^
UnicodeEncodeError: 'charmap' codec can't encode character '\u2192' in position 17: character maps to <undefined>
Call stack:
  File "C:\The Playbook\Trafik Analiz Uygulamasi\download_data.py", line 598, in <module>
    main()
  File "C:\The Playbook\Trafik Analiz Uygulamasi\download_data.py", line 591, in main
    cmd_download(
  File "C:\The Playbook\Trafik Analiz Uygulamasi\download_data.py", line 526, in cmd_download
    logger.info(f"[{i}/{len(candidates)}] {period}  \u2192  {local_path.name}")
Message: '[56/60] 2024-08  \u2192  traffic_density_202408.csv'
Arguments: ()
  Downloaded traffic_density_202408.csv (138.1 MB), SHA256=565ae7d95ae1…
--- Logging error ---
Traceback (most recent call last):
  File "C:\Python314\Lib\logging\__init__.py", line 1154, in emit
    stream.write(msg + self.terminator)
    ~~~~~~~~~~~~^^^^^^^^^^^^^^^^^^^^^^^
  File "C:\Python314\Lib\encodings\cp1252.py", line 19, in encode
    return codecs.charmap_encode(input,self.errors,encoding_table)[0]
           ~~~~~~~~~~~~~~~~~~~~~^^^^^^^^^^^^^^^^^^^^^^^^^^^^^^^^^^
UnicodeEncodeError: 'charmap' codec can't encode character '\u2192' in position 17: character maps to <undefined>
Call stack:
  File "C:\The Playbook\Trafik Analiz Uygulamasi\download_data.py", line 598, in <module>
    main()
  File "C:\The Playbook\Trafik Analiz Uygulamasi\download_data.py", line 591, in main
    cmd_download(
  File "C:\The Playbook\Trafik Analiz Uygulamasi\download_data.py", line 526, in cmd_download
    logger.info(f"[{i}/{len(candidates)}] {period}  \u2192  {local_path.name}")
Message: '[57/60] 2024-09  \u2192  traffic_density_202409.csv'
Arguments: ()
  Downloaded traffic_density_202409.csv (137.8 MB), SHA256=36822c0da81c…
--- Logging error ---
Traceback (most recent call last):
  File "C:\Python314\Lib\logging\__init__.py", line 1154, in emit
    stream.write(msg + self.terminator)
    ~~~~~~~~~~~~^^^^^^^^^^^^^^^^^^^^^^^
  File "C:\Python314\Lib\encodings\cp1252.py", line 19, in encode
    return codecs.charmap_encode(input,self.errors,encoding_table)[0]
           ~~~~~~~~~~~~~~~~~~~~~^^^^^^^^^^^^^^^^^^^^^^^^^^^^^^^^^^
UnicodeEncodeError: 'charmap' codec can't encode character '\u2192' in position 17: character maps to <undefined>
Call stack:
  File "C:\The Playbook\Trafik Analiz Uygulamasi\download_data.py", line 598, in <module>
    main()
  File "C:\The Playbook\Trafik Analiz Uygulamasi\download_data.py", line 591, in main
    cmd_download(
  File "C:\The Playbook\Trafik Analiz Uygulamasi\download_data.py", line 526, in cmd_download
    logger.info(f"[{i}/{len(candidates)}] {period}  \u2192  {local_path.name}")
Message: '[58/60] 2024-10  \u2192  traffic_density_202410.csv'
Arguments: ()
  Downloaded traffic_density_202410.csv (142.1 MB), SHA256=16f1a2383445…
--- Logging error ---
Traceback (most recent call last):
  File "C:\Python314\Lib\logging\__init__.py", line 1154, in emit
    stream.write(msg + self.terminator)
    ~~~~~~~~~~~~^^^^^^^^^^^^^^^^^^^^^^^
  File "C:\Python314\Lib\encodings\cp1252.py", line 19, in encode
    return codecs.charmap_encode(input,self.errors,encoding_table)[0]
           ~~~~~~~~~~~~~~~~~~~~~^^^^^^^^^^^^^^^^^^^^^^^^^^^^^^^^^^
UnicodeEncodeError: 'charmap' codec can't encode character '\u2192' in position 17: character maps to <undefined>
Call stack:
  File "C:\The Playbook\Trafik Analiz Uygulamasi\download_data.py", line 598, in <module>
    main()
  File "C:\The Playbook\Trafik Analiz Uygulamasi\download_data.py", line 591, in main
    cmd_download(
  File "C:\The Playbook\Trafik Analiz Uygulamasi\download_data.py", line 526, in cmd_download
    logger.info(f"[{i}/{len(candidates)}] {period}  \u2192  {local_path.name}")
Message: '[59/60] 2024-11  \u2192  traffic_density_202411.csv'
Arguments: ()
  Downloaded traffic_density_202411.csv (137.2 MB), SHA256=20f11179a5e0…
--- Logging error ---
Traceback (most recent call last):
  File "C:\Python314\Lib\logging\__init__.py", line 1154, in emit
    stream.write(msg + self.terminator)
    ~~~~~~~~~~~~^^^^^^^^^^^^^^^^^^^^^^^
  File "C:\Python314\Lib\encodings\cp1252.py", line 19, in encode
    return codecs.charmap_encode(input,self.errors,encoding_table)[0]
           ~~~~~~~~~~~~~~~~~~~~~^^^^^^^^^^^^^^^^^^^^^^^^^^^^^^^^^^
UnicodeEncodeError: 'charmap' codec can't encode character '\u2192' in position 17: character maps to <undefined>
Call stack:
  File "C:\The Playbook\Trafik Analiz Uygulamasi\download_data.py", line 598, in <module>
    main()
  File "C:\The Playbook\Trafik Analiz Uygulamasi\download_data.py", line 591, in main
    cmd_download(
  File "C:\The Playbook\Trafik Analiz Uygulamasi\download_data.py", line 526, in cmd_download
    logger.info(f"[{i}/{len(candidates)}] {period}  \u2192  {local_path.name}")
Message: '[60/60] 2024-12  \u2192  traffic_density_202412.csv'
Arguments: ()
  Downloaded traffic_density_202412.csv (101.6 MB), SHA256=1414f74d6ab3…

Download complete: 60/60 succeeded.
